Logging: opened logfile 'dosbox-x-debug.log' successfully. All further logging will go to this file.
DOSBox-X version 2024.03.01 Commit 02f36ba (Linux SDL2 64-bit)
SDL: version 2.30.0, Video x11, Audio pulseaudio
Host keyboard layout is now  ()
Mapper keyboard layout is now  ()
SDL2 reports desktop display mode 1920 x 1080
The default output for the video system: opengl
Configured windowposition: -
SDL: Current window pixel format: SDL_PIXELFORMAT_RGB888
SDL: You are running in 24 bpp mode, this will slow down things!
X11 main window is 640 x 400 maximized=0
X11 extension XRANDR is available
XRandR CRTC 0: pos=(0,0) size=(1920,1080) outputs=1
Our window lies on this CRTC display (window pos=(626,328) size=(640,400) match=(946,528)).
  Goes to output 0: name='HDMI-1' size_mm=(700 x 390)
Screen report: Method 'XRandR' (1920.000 x 1080.000 pixels) at (0.000 x 0.000) (700.000 x 390.000 mm) (27.559 x 15.354 in) (69.669 x 70.338 DPI)
ISA BCLK: 8333333.333Hz (25000000/3)
monopal: green, 
Active save slot: 1 [Empty]
USING AVI+ZMBV
Max 3670016 sz 16384
Final 16384
SDLNet_TCP_Open: Couldn't connect to remote host
TiMidity: can't open control connection (host=127.0.0.1, port=7777)
MIDI:fluidsynth: SoundFont not specified, and no system SoundFont found
MIDI:synth: Specify .SF2 sound font file with midiconfig=
MT32: failed to locate ROMs.
MT32 emulation requires the PCM and CONTROL ROM files.
To eliminate this error message, check the DOSBox-X wiki.
The ROM files are: CM32L_CONTROL.ROM and CM32L_PCM.ROM or MT32_CONTROL.ROM and MT32_PCM.ROM
MIDI:Opened device:none
CPU warning: 8086 cpu type is experimental at this time
One joystick reported, initializing with 4axis
Using joystick Yowkees Keyball39 System Control with 1 axes, 19 buttons and 1 hat(s)
VOODOO LFB now at d0000000
Serial1: BASE 3f8h
Serial2: BASE 2f8h
Parallel1: BASE 378h
MPU-401 Registering I/O ports as if IBM PC MPU-401 at base 330h
Memory I/O complexity optimization enabled aka option 'memory io optimization 1'. If the game or demo is unable to draw to the screen properly, set the option to false.
The 'scanline render on demand' option is available and may provide a modest boost in video render performance if set to true.
GetDesktopResolution reading X11 desktop resolution
Root window (ID 1039) is 1920 x 1080
X11 main window is 640 x 400 maximized=0
XRandR CRTC 0: pos=(0,0) size=(1920,1080) outputs=1
Our window lies on this CRTC display (window pos=(626,328) size=(640,400) match=(946,528)).
  Goes to output 0: name='HDMI-1' size_mm=(700 x 390)
Screen report: Method 'XRandR' (1920.000 x 1080.000 pixels) at (0.000 x 0.000) (700.000 x 390.000 mm) (27.559 x 15.354 in) (69.669 x 70.338 DPI)
Allocated APM BIOS pm entry point at f000:ce20
Writing code to fce20
Writing code to fce40
FDC installing to io=3f0h IRQ=6 DMA=2
IDE: Not registering port 3F7h, FDC will occupy it.
X11 main window is 640 x 400 maximized=0
XRandR CRTC 0: pos=(0,0) size=(1920,1080) outputs=1
Our window lies on this CRTC display (window pos=(626,328) size=(640,400) match=(946,528)).
  Goes to output 0: name='HDMI-1' size_mm=(700 x 390)
Screen report: Method 'XRandR' (1920.000 x 1080.000 pixels) at (0.000 x 0.000) (700.000 x 390.000 mm) (27.559 x 15.354 in) (69.669 x 70.338 DPI)
ISA Plug & Play BIOS enabled
VGA ROM BIOS init callback
pixratio 1.000, dw false, dh false
Aspect ratio: 640 x 480  xToY=1.333 yToX=0.750
menuScale=1
X11 main window is 640 x 497 maximized=0
XRandR CRTC 0: pos=(0,0) size=(1920,1080) outputs=1
Our window lies on this CRTC display (window pos=(626,328) size=(640,497) match=(946,576)).
  Goes to output 0: name='HDMI-1' size_mm=(700 x 390)
Screen report: Method 'XRandR' (1920.000 x 1080.000 pixels) at (0.000 x 0.000) (700.000 x 390.000 mm) (27.559 x 15.354 in) (69.669 x 70.338 DPI)
font texture id=2 will make 128 x 256
X11 main window is 640 x 497 maximized=0
XRandR CRTC 0: pos=(0,0) size=(1920,1080) outputs=1
Our window lies on this CRTC display (window pos=(626,328) size=(640,497) match=(946,576)).
  Goes to output 0: name='HDMI-1' size_mm=(700 x 390)
Screen report: Method 'XRandR' (1920.000 x 1080.000 pixels) at (0.000 x 0.000) (700.000 x 390.000 mm) (27.559 x 15.354 in) (69.669 x 70.338 DPI)
WARNING: No translation support (to host) for code page 0
pixratio 1.350, dw false, dh false
Aspect ratio: 720 x 540  xToY=1.333 yToX=0.750
menuScale=1
X11 main window is 720 x 417 maximized=0
XRandR CRTC 0: pos=(0,0) size=(1920,1080) outputs=1
Our window lies on this CRTC display (window pos=(626,328) size=(720,417) match=(986,536)).
  Goes to output 0: name='HDMI-1' size_mm=(700 x 390)
Screen report: Method 'XRandR' (1920.000 x 1080.000 pixels) at (0.000 x 0.000) (700.000 x 390.000 mm) (27.559 x 15.354 in) (69.669 x 70.338 DPI)
font texture id=2 will make 128 x 256
X11 main window is 720 x 417 maximized=0
XRandR CRTC 0: pos=(0,0) size=(1920,1080) outputs=1
Our window lies on this CRTC display (window pos=(626,328) size=(720,417) match=(986,536)).
  Goes to output 0: name='HDMI-1' size_mm=(700 x 390)
Screen report: Method 'XRandR' (1920.000 x 1080.000 pixels) at (0.000 x 0.000) (700.000 x 390.000 mm) (27.559 x 15.354 in) (69.669 x 70.338 DPI)
   2777336 ERROR BIOS:Keyboard layout file auto not found
   2777336 ERROR BIOS:Keyboard layout file auto not found
XMS: 50 handles allocated for use by the DOS environment
CPU is 80186 or lower model that lacks the address lines needed for 'extended memory' to exist, disabling XMS
EMS page frame at 0xe000-0xefff
CPU is 286 or lower, setting EMS emulation to ems=emsboard and disabling VCPI and v86 startup
COMMAND.COM env size:             720 bytes
COMMAND.COM environment block:    0x0701 sz=0x002d
COMMAND.COM main body (PSP):      0x072f sz=0x009a
COMMAND.COM stack:                0x0749
Identified 'build/ibmpc/ppap_ibmpc.img' as C/H/S 80/2/18 512 bytes/sector
Mounted FAT volume is FAT12 with 2847 clusters
FDC: Primary controller, drive 0 assigned to INT 13h drive 0
Booting guest OS stack_seg=0x7000 load_seg=0x07c0
FDC: Primary controller, drive 0 assigned to INT 13h drive 0
Alright: DOS kernel shutdown, booting a guest OS
  CS:IP=0000:7c00 SS:SP=7000:0100 AX=0000 BX=7c00 CX=0001 DX=0000
--END OF LOG--
